// Vitest Snapshot v1

exports[`<TextComponent /> > should match a snapshot 1`] = `
.c0 {
  font-size: 2.4rem;
}

<div>
  <div
    class="c0"
  >
    The text
  </div>
</div>
`;
